
> generatelofi@0.1.0 build
> next build

Γû▓ Next.js 16.2.6 (Turbopack)
- Environments: .env.local

  Creating an optimized production build ...
Γ£ô Compiled successfully in 20.6s
  Running TypeScript ...
  Finished TypeScript in 12.5s ...
  Collecting page data using 3 workers ...
  Generating static pages using 3 workers (0/6) ...
  Generating static pages using 3 workers (1/6) 
  Generating static pages using 3 workers (2/6) 
  Generating static pages using 3 workers (4/6) 
Γ£ô Generating static pages using 3 workers (6/6) in 1871ms
  Finalizing page optimization ...

Route (app)
Γöî Γùï /
Γö£ Γùï /_not-found
Γö£ ╞Æ /api/credits
Γö£ ╞Æ /api/generate
Γö£ ╞Æ /api/status/[taskId]
Γöö ╞Æ /api/status/stream/[taskId]


Γùï  (Static)   prerendered as static content
╞Æ  (Dynamic)  server-rendered on demand

